// Jest Snapshot v1, https://goo.gl/fbAQLP

exports[`Counter 1`] = `
<div>
  <p>
    0
  </p>
  <button
    onClick={[Function]}
  >
    Increment
  </button>
  <button
    onClick={[Function]}
  >
    Decrement
  </button>
</div>
`;
